<html>
<body>
<pre>
<h1>�Vision Build Log</h1>
<h2>Tool Versions:</h2>
IDE-Version: ��Vision V5.24.2.0
Copyright (C) 2017 ARM Ltd and ARM Germany GmbH. All rights reserved.
License Information: 1 ThinkPad, 1, LIC=CZLZX-HNA7N-74TS0-BXT5Q-LJ2CB-I46EK
 
Tool Versions:
Toolchain:       MDK-ARM Plus  Version: 5.24.1
Toolchain Path:  D:\Keil5\ARM\ARMCC\Bin
C Compiler:      Armcc.exe V5.06 update 5 (build 528)
Assembler:       Armasm.exe V5.06 update 5 (build 528)
Linker/Locator:  ArmLink.exe V5.06 update 5 (build 528)
Library Manager: ArmAr.exe V5.06 update 5 (build 528)
Hex Converter:   FromElf.exe V5.06 update 5 (build 528)
CPU DLL:         SARMCM3.DLL V5.24.1
Dialog DLL:      DCM.DLL V1.16.0.0
Target DLL:      STLink\ST-LINKIII-KEIL_SWO.dll V3.0.1.0
Dialog DLL:      TCM.DLL V1.32.0.0
 
<h2>Project:</h2>
D:\code\k5\arm32\hg\hydrogenGenerator.uvprojx
Project File Date:  06/04/2026

<h2>Output:</h2>
*** Using Compiler 'V5.06 update 5 (build 528)', folder: 'D:\Keil5\ARM\ARMCC\Bin'
Build target 'Target 1'
compiling Process.c...
Hardware\Screen.h(23): warning:  #1-D: last line of file ends without a newline
  #endif
Hardware\Process.c: 1 warning, 0 errors
compiling Screen.c...
Hardware\Screen.h(23): warning:  #1-D: last line of file ends without a newline
  #endif
Hardware\Screen.c: 1 warning, 0 errors
compiling main.c...
.\Hardware\Screen.h(23): warning:  #1-D: last line of file ends without a newline
  #endif
User\main.c(25): warning:  #177-D: variable "Water"  was declared but never referenced
  	uint32_t Water = 0; //水位数据
User\main.c(26): warning:  #177-D: variable "Tem_buff"  was declared but never referenced
  	uint16_t Tem_buff[5] = {0}; //温度数据
User\main.c: 3 warnings, 0 errors
linking...
Program Size: Code=2240 RO-data=268 RW-data=4 ZI-data=1636  
".\Objects\hydrogenGenerator.axf" - 0 Error(s), 5 Warning(s).

<h2>Software Packages used:</h2>

Package Vendor: Keil
                https://www.keil.com/pack/Keil.STM32F1xx_DFP.2.4.1.pack
                Keil.STM32F1xx_DFP.2.4.1
                STMicroelectronics STM32F1 Series Device Support, Drivers and Examples

<h2>Collection of Component include folders:</h2>
  .\RTE\_Target_1
  D:\Keil5\ARM\PACK\Keil\STM32F1xx_DFP\2.4.1\Device\Include

<h2>Collection of Component Files used:</h2>
Build Time Elapsed:  00:00:04
</pre>
</body>
</html>
